[INFO] Scanning for projects...
[INFO] 
[INFO] -------------------< com.tuandev:strawberry-backend >-------------------
[INFO] Building strawberry-backend 0.0.1-SNAPSHOT
[INFO]   from pom.xml
[INFO] --------------------------------[ jar ]---------------------------------
[INFO] 
[INFO] --- resources:3.3.1:resources (default-resources) @ strawberry-backend ---
[INFO] Copying 1 resource from src\main\resources to target\classes
[INFO] Copying 9 resources from src\main\resources to target\classes
[INFO] 
[INFO] --- compiler:3.14.1:compile (default-compile) @ strawberry-backend ---
[INFO] Recompiling the module because of changed source code.
[INFO] Compiling 93 source files with javac [debug parameters release 25] to target\classes
[INFO] -------------------------------------------------------------
[WARNING] COMPILATION WARNING : 
[INFO] -------------------------------------------------------------
[WARNING] /E:/Sources/strawberry-ecommerce/backend/src/main/java/com/strawberry/ecommerce/catalog/entity/Product.java:[75,20] @Builder will ignore the initializing expression entirely. If you want the initializing expression to serve as default, add @Builder.Default. If it is not supposed to be settable during building, make the field final.
[WARNING] /E:/Sources/strawberry-ecommerce/backend/src/main/java/com/strawberry/ecommerce/catalog/entity/Product.java:[92,32] @Builder will ignore the initializing expression entirely. If you want the initializing expression to serve as default, add @Builder.Default. If it is not supposed to be settable during building, make the field final.
[WARNING] /E:/Sources/strawberry-ecommerce/backend/src/main/java/com/strawberry/ecommerce/catalog/entity/Product.java:[95,41] @Builder will ignore the initializing expression entirely. If you want the initializing expression to serve as default, add @Builder.Default. If it is not supposed to be settable during building, make the field final.
[WARNING] /E:/Sources/strawberry-ecommerce/backend/src/main/java/com/strawberry/ecommerce/catalog/entity/Product.java:[98,34] @Builder will ignore the initializing expression entirely. If you want the initializing expression to serve as default, add @Builder.Default. If it is not supposed to be settable during building, make the field final.
[WARNING] /E:/Sources/strawberry-ecommerce/backend/src/main/java/com/strawberry/ecommerce/catalog/entity/ProductVariant.java:[42,21] @Builder will ignore the initializing expression entirely. If you want the initializing expression to serve as default, add @Builder.Default. If it is not supposed to be settable during building, make the field final.
[WARNING] /E:/Sources/strawberry-ecommerce/backend/src/main/java/com/strawberry/ecommerce/catalog/entity/ProductVariant.java:[46,24] @Builder will ignore the initializing expression entirely. If you want the initializing expression to serve as default, add @Builder.Default. If it is not supposed to be settable during building, make the field final.
[WARNING] /E:/Sources/strawberry-ecommerce/backend/src/main/java/com/strawberry/ecommerce/catalog/entity/ProductVariant.java:[52,21] @Builder will ignore the initializing expression entirely. If you want the initializing expression to serve as default, add @Builder.Default. If it is not supposed to be settable during building, make the field final.
[WARNING] /E:/Sources/strawberry-ecommerce/backend/src/main/java/com/strawberry/ecommerce/catalog/entity/ProductVariant.java:[55,21] @Builder will ignore the initializing expression entirely. If you want the initializing expression to serve as default, add @Builder.Default. If it is not supposed to be settable during building, make the field final.
[WARNING] /E:/Sources/strawberry-ecommerce/backend/src/main/java/com/strawberry/ecommerce/catalog/entity/ProductVariant.java:[66,37] @Builder will ignore the initializing expression entirely. If you want the initializing expression to serve as default, add @Builder.Default. If it is not supposed to be settable during building, make the field final.
[INFO] 9 warnings 
[INFO] -------------------------------------------------------------
[INFO] -------------------------------------------------------------
[ERROR] COMPILATION ERROR : 
[INFO] -------------------------------------------------------------
[ERROR] /E:/Sources/strawberry-ecommerce/backend/src/main/java/com/strawberry/ecommerce/catalog/controller/CatalogSellerController.java:[24,19] cannot find symbol
  symbol:   class CatalogService
  location: class com.strawberry.ecommerce.catalog.controller.CatalogSellerController
[ERROR] /E:/Sources/strawberry-ecommerce/backend/src/main/java/com/strawberry/ecommerce/catalog/controller/CatalogSellerController.java:[50,26] cannot find symbol
  symbol:   class ProductMetadataRequestDto
  location: class com.strawberry.ecommerce.catalog.controller.CatalogSellerController
[ERROR] /E:/Sources/strawberry-ecommerce/backend/src/main/java/com/strawberry/ecommerce/catalog/controller/CatalogSellerController.java:[61,26] cannot find symbol
  symbol:   class VariantPricingRequestDto
  location: class com.strawberry.ecommerce.catalog.controller.CatalogSellerController
[ERROR] /E:/Sources/strawberry-ecommerce/backend/src/main/java/com/strawberry/ecommerce/catalog/controller/CatalogSellerController.java:[72,26] cannot find symbol
  symbol:   class VariantInventoryRequestDto
  location: class com.strawberry.ecommerce.catalog.controller.CatalogSellerController
[ERROR] /E:/Sources/strawberry-ecommerce/backend/src/main/java/com/strawberry/ecommerce/catalog/controller/CatalogSellerController.java:[20,1] cannot find symbol
  symbol:   class CatalogService
  location: class com.strawberry.ecommerce.catalog.controller.CatalogSellerController
[ERROR] /E:/Sources/strawberry-ecommerce/backend/src/main/java/com/strawberry/ecommerce/sync/controller/SyncController.java:[3,44] package com.strawberry.ecommerce.auth.entity does not exist
[INFO] 6 errors 
[INFO] -------------------------------------------------------------
[INFO] ------------------------------------------------------------------------
[INFO] BUILD FAILURE
[INFO] ------------------------------------------------------------------------
[INFO] Total time:  5.426 s
[INFO] Finished at: 2026-03-13T12:37:26+07:00
[INFO] ------------------------------------------------------------------------
[ERROR] Failed to execute goal org.apache.maven.plugins:maven-compiler-plugin:3.14.1:compile (default-compile) on project strawberry-backend: Compilation failure: Compilation failure: 
[ERROR] /E:/Sources/strawberry-ecommerce/backend/src/main/java/com/strawberry/ecommerce/catalog/controller/CatalogSellerController.java:[24,19] cannot find symbol
[ERROR]   symbol:   class CatalogService
[ERROR]   location: class com.strawberry.ecommerce.catalog.controller.CatalogSellerController
[ERROR] /E:/Sources/strawberry-ecommerce/backend/src/main/java/com/strawberry/ecommerce/catalog/controller/CatalogSellerController.java:[50,26] cannot find symbol
[ERROR]   symbol:   class ProductMetadataRequestDto
[ERROR]   location: class com.strawberry.ecommerce.catalog.controller.CatalogSellerController
[ERROR] /E:/Sources/strawberry-ecommerce/backend/src/main/java/com/strawberry/ecommerce/catalog/controller/CatalogSellerController.java:[61,26] cannot find symbol
[ERROR]   symbol:   class VariantPricingRequestDto
[ERROR]   location: class com.strawberry.ecommerce.catalog.controller.CatalogSellerController
[ERROR] /E:/Sources/strawberry-ecommerce/backend/src/main/java/com/strawberry/ecommerce/catalog/controller/CatalogSellerController.java:[72,26] cannot find symbol
[ERROR]   symbol:   class VariantInventoryRequestDto
[ERROR]   location: class com.strawberry.ecommerce.catalog.controller.CatalogSellerController
[ERROR] /E:/Sources/strawberry-ecommerce/backend/src/main/java/com/strawberry/ecommerce/catalog/controller/CatalogSellerController.java:[20,1] cannot find symbol
[ERROR]   symbol:   class CatalogService
[ERROR]   location: class com.strawberry.ecommerce.catalog.controller.CatalogSellerController
[ERROR] /E:/Sources/strawberry-ecommerce/backend/src/main/java/com/strawberry/ecommerce/sync/controller/SyncController.java:[3,44] package com.strawberry.ecommerce.auth.entity does not exist
[ERROR] -> [Help 1]
[ERROR] 
[ERROR] To see the full stack trace of the errors, re-run Maven with the -e switch.
[ERROR] Re-run Maven using the -X switch to enable full debug logging.
[ERROR] 
[ERROR] For more information about the errors and possible solutions, please read the following articles:
[ERROR] [Help 1] http://cwiki.apache.org/confluence/display/MAVEN/MojoFailureException
