[INFO] Scanning for projects...
[INFO] 
[INFO] -------------------< com.tuandev:strawberry-backend >-------------------
[INFO] Building strawberry-backend 0.0.1-SNAPSHOT
[INFO]   from pom.xml
[INFO] --------------------------------[ jar ]---------------------------------
[INFO] 
[INFO] --- resources:3.3.1:resources (default-resources) @ strawberry-backend ---
[INFO] Copying 1 resource from src\main\resources to target\classes
[INFO] Copying 4 resources from src\main\resources to target\classes
[INFO] 
[INFO] --- compiler:3.14.1:compile (default-compile) @ strawberry-backend ---
[INFO] Recompiling the module because of changed source code.
[INFO] Compiling 29 source files with javac [debug parameters release 25] to target\classes
.\mvnw : WARNING: A terminally deprecated method in sun.misc.Unsafe 
has been called
At line:1 char:1
+ .\mvnw compile > compile_errors.txt 2>&1
+ ~~~~~~~~~~~~~~~~~~~~~~~~~~~~~~~~~~~~~~~~
    + CategoryInfo          : NotSpecified: (WARNING: A term...has 
b    een called:String) [], RemoteException
    + FullyQualifiedErrorId : NativeCommandError
 
WARNING: sun.misc.Unsafe::objectFieldOffset has been called by 
lombok.permit.Permit
WARNING: Please consider reporting this to the maintainers of class 
lombok.permit.Permit
WARNING: sun.misc.Unsafe::objectFieldOffset will be removed in a 
future release
[INFO] -------------------------------------------------------------
[WARNING] COMPILATION WARNING : 
[INFO] -------------------------------------------------------------
[WARNING] /E:/Sources/strawberry-ecommerce/backend/src/main/java/com/strawberry/ecommerce/seller/entity/SellerProfile.java:[30,20] @Builder will ignore the initializing expression entirely. If you want the initializing expression to serve as default, add @Builder.Default. If it is not supposed to be settable during building, make the field final.
[WARNING] /E:/Sources/strawberry-ecommerce/backend/src/main/java/com/strawberry/ecommerce/auth/entity/User.java:[40,20] @Builder will ignore the initializing expression entirely. If you want the initializing expression to serve as default, add @Builder.Default. If it is not supposed to be settable during building, make the field final.
[INFO] 2 warnings 
[INFO] -------------------------------------------------------------
[INFO] -------------------------------------------------------------
[ERROR] COMPILATION ERROR : 
[INFO] -------------------------------------------------------------
[ERROR] /E:/Sources/strawberry-ecommerce/backend/src/main/java/com/strawberry/ecommerce/auth/security/SecurityConfig.java:[33,50] constructor DaoAuthenticationProvider in class org.springframework.security.authentication.dao.DaoAuthenticationProvider cannot be applied to given types;
  required: org.springframework.security.core.userdetails.UserDetailsService
  found:    no arguments
  reason: actual and formal argument lists differ in length
[ERROR] /E:/Sources/strawberry-ecommerce/backend/src/main/java/com/strawberry/ecommerce/auth/security/SecurityConfig.java:[34,21] cannot find symbol
  symbol:   method setUserDetailsService(com.strawberry.ecommerce.auth.security.CustomUserDetailsService)
  location: variable authProvider of type org.springframework.security.authentication.dao.DaoAuthenticationProvider
[INFO] 2 errors 
[INFO] -------------------------------------------------------------
[INFO] ------------------------------------------------------------------------
[INFO] BUILD FAILURE
[INFO] ------------------------------------------------------------------------
[INFO] Total time:  4.519 s
[INFO] Finished at: 2026-03-12T15:10:37+07:00
[INFO] ------------------------------------------------------------------------
[ERROR] Failed to execute goal org.apache.maven.plugins:maven-compiler-plugin:3.14.1:compile (default-compile) on project strawberry-backend: Compilation failure: Compilation failure: 
[ERROR] /E:/Sources/strawberry-ecommerce/backend/src/main/java/com/strawberry/ecommerce/auth/security/SecurityConfig.java:[33,50] constructor DaoAuthenticationProvider in class org.springframework.security.authentication.dao.DaoAuthenticationProvider cannot be applied to given types;
[ERROR]   required: org.springframework.security.core.userdetails.UserDetailsService
[ERROR]   found:    no arguments
[ERROR]   reason: actual and formal argument lists differ in length
[ERROR] /E:/Sources/strawberry-ecommerce/backend/src/main/java/com/strawberry/ecommerce/auth/security/SecurityConfig.java:[34,21] cannot find symbol
[ERROR]   symbol:   method setUserDetailsService(com.strawberry.ecommerce.auth.security.CustomUserDetailsService)
[ERROR]   location: variable authProvider of type org.springframework.security.authentication.dao.DaoAuthenticationProvider
[ERROR] -> [Help 1]
[ERROR] 
[ERROR] To see the full stack trace of the errors, re-run Maven with the -e switch.
[ERROR] Re-run Maven using the -X switch to enable full debug logging.
[ERROR] 
[ERROR] For more information about the errors and possible solutions, please read the following articles:
[ERROR] [Help 1] http://cwiki.apache.org/confluence/display/MAVEN/MojoFailureException
